// Jest Snapshot v1, https://goo.gl/fbAQLP

exports[`Background gradient render background gradient correctly 1`] = `
<View
  accessible={true}
  collapsable={false}
  focusable={true}
  onBlur={[Function]}
  onClick={[Function]}
  onFocus={[Function]}
  onResponderGrant={[Function]}
  onResponderMove={[Function]}
  onResponderRelease={[Function]}
  onResponderTerminate={[Function]}
  onResponderTerminationRequest={[Function]}
  onStartShouldSetResponder={[Function]}
  style={
    Object {
      "opacity": 1,
    }
  }
  testID="background-gradient-test"
>
  <BVLinearGradient
    angle={0}
    colors={
      Array [
        4294967295,
        4278190080,
      ]
    }
    endPoint={
      Object {
        "x": 0.5,
        "y": 1,
      }
    }
    locations={
      Array [
        0,
        1,
      ]
    }
    startPoint={
      Object {
        "x": 0.5,
        "y": 0,
      }
    }
    useAngle={false}
  >
    <Text>
      Test
    </Text>
  </BVLinearGradient>
</View>
`;
